// Jest Snapshot v1, https://goo.gl/fbAQLP

exports[`Should render ExpenseList with empty expense 1`] = `
<div>
  <h1>
    Expense List
  </h1>
  <p>
    No expenses!
  </p>
</div>
`;

exports[`Should render ExpenseList with expenses 1`] = `
<div>
  <h1>
    Expense List
  </h1>
  <ExpenseListItem
    amount={100}
    createdAt={0}
    description="Gum"
    id="1"
    key="0"
    note=""
  />
  <ExpenseListItem
    amount={200}
    createdAt={-345600000}
    description="Rent"
    id="2"
    key="1"
    note=""
  />
  <ExpenseListItem
    amount={300}
    createdAt={345600000}
    description="Credit Card"
    id="3"
    key="2"
    note=""
  />
</div>
`;
