// Jest Snapshot v1, https://goo.gl/fbAQLP

exports[`Should render ExpenseDashboard page 1`] = `
<div>
  Expense Dashboard
  <ConnectFunction />
  <ConnectFunction />
  <ConnectFunction />
</div>
`;
