// Jest Snapshot v1, https://goo.gl/fbAQLP

exports[`Should render ExpenseList items 1`] = `
<Link
  className="list-item"
  to="/edit/1"
>
  <div>
    <h3
      className="list-item__title"
    >
      Gum
    </h3>
    <span
      className="list-item__sub-title"
    >
      December 31st, 1969
    </span>
  </div>
  <h3
    className="list-item__data"
  >
    $1.00
  </h3>
</Link>
`;
