// Jest Snapshot v1, https://goo.gl/fbAQLP

exports[`Should render Notfound page correctly 1`] = `
<div>
  404 Page - 
  <Link
    to="/"
  >
    Go home
  </Link>
</div>
`;
